[2021-08-12 14:20:45] [ERROR] [main.go:main:15] error日志
[2021-08-12 14:20:45] [FATAL] [main.go:main:16] fatal日志
